namespace NServiceBus
{
    [System.Obsolete(@"NServiceBus is now providing support for logging libraries through the Microsoft.Extensions.Logging abstraction. Remove the NServiceBus.CommonLogging package. Install NServiceBus.Extensions.Logging and logging provider package of choice instead. Will be removed in version 7.0.0.", true)]
    public class CommonLoggingFactory : NServiceBus.Logging.LoggingFactoryDefinition
    {
        public CommonLoggingFactory() { }
        protected override NServiceBus.Logging.ILoggerFactory GetLoggingFactory() { }
    }
}